[2025-04-29 01:22:58] INFO - Generated code for table 'alineacion_ini'
[2025-04-29 01:22:58] INFO - Generated code for table 'amonestados'
[2025-04-29 01:22:58] INFO - Generated code for table 'arbitros'
[2025-04-29 01:22:58] INFO - Generated code for table 'cambio'
[2025-04-29 01:22:58] INFO - Generated code for table 'ciudad'
[2025-04-29 01:22:58] INFO - Generated code for table 'directorporjornada'
[2025-04-29 01:22:58] INFO - Generated code for table 'directortecnico'
[2025-04-29 01:22:58] INFO - Generated code for table 'equipo'
[2025-04-29 01:22:59] INFO - Generated code for table 'estadio'
[2025-04-29 01:22:59] INFO - Generated code for table 'gol'
[2025-04-29 01:22:59] INFO - Generated code for table 'jornada'
[2025-04-29 01:22:59] INFO - Generated code for table 'jugada'
[2025-04-29 01:22:59] INFO - Generated code for table 'jugador'
[2025-04-29 01:22:59] INFO - Generated code for table 'juzgar'
[2025-04-29 01:22:59] INFO - Generated code for table 'nacionalidad'
[2025-04-29 01:22:59] INFO - Generated code for table 'partido'
[2025-04-29 01:22:59] INFO - Generated code for table 'posicion_jugador'
[2025-04-29 01:22:59] INFO - Generated code for table 'posicionarbitral'
[2025-04-29 01:22:59] INFO - Generated code for table 'tarjeta'
[2025-04-29 01:22:59] INFO - Generated code for table 'temporada'
[2025-04-29 01:26:55] ERROR - Failed to connect to database 'constructorakjkj': FATAL: database "constructorakjkj" does not exist
[2025-04-29 01:30:36] INFO - Generated code for table 'accidentes'
[2025-04-29 01:30:36] INFO - Generated code for table 'autos'
[2025-04-29 01:30:36] INFO - Generated code for table 'propietarios'
[2025-04-29 01:30:36] INFO - Generated code for table 'telefonos'
[2025-04-29 01:33:17] UPDATE - Updated database 'aseguradorakk'
[2025-04-29 01:35:38] DELETE - Deleted table 'aseguradorakk'
[2025-04-29 01:47:42] INFO - Generated code for table 'alineacion_ini'
[2025-04-29 01:47:42] INFO - Generated code for table 'amonestados'
[2025-04-29 01:47:42] INFO - Generated code for table 'arbitros'
[2025-04-29 01:47:42] INFO - Generated code for table 'cambio'
[2025-04-29 01:47:42] INFO - Generated code for table 'ciudad'
[2025-04-29 01:47:42] INFO - Generated code for table 'directorporjornada'
[2025-04-29 01:47:42] INFO - Generated code for table 'directortecnico'
[2025-04-29 01:47:42] INFO - Generated code for table 'equipo'
[2025-04-29 01:47:42] INFO - Generated code for table 'estadio'
[2025-04-29 01:47:42] INFO - Generated code for table 'gol'
[2025-04-29 01:47:42] INFO - Generated code for table 'jornada'
[2025-04-29 01:47:42] INFO - Generated code for table 'jugada'
[2025-04-29 01:47:42] INFO - Generated code for table 'jugador'
[2025-04-29 01:47:42] INFO - Generated code for table 'juzgar'
[2025-04-29 01:47:42] INFO - Generated code for table 'nacionalidad'
[2025-04-29 01:47:43] INFO - Generated code for table 'partido'
[2025-04-29 01:47:43] INFO - Generated code for table 'posicion_jugador'
[2025-04-29 01:47:43] INFO - Generated code for table 'posicionarbitral'
[2025-04-29 01:47:43] INFO - Generated code for table 'tarjeta'
[2025-04-29 01:47:43] INFO - Generated code for table 'temporada'
[2025-04-29 01:47:48] ERROR - Failed to connect to database 'la_roca_bonita': FATAL: database "la_roca_bonita" does not exist
[2025-04-29 01:52:11] CREATE - Create database 'javax.swing.JTextField[,56,271,437x40,invalid,layout=javax.swing.plaf.basic.BasicTextUI$UpdateHandler,alignmentX=0.0,alignmentY=0.0,border=javax.swing.plaf.synth.SynthBorder@72dc5512,flags=288,maximumSize=,minimumSize=,preferredSize=,caretColor=,disabledTextColor=DerivedColor(color=142,143,145 parent=nimbusDisabledText offsets=0.0,0.0,0.0,0 pColor=142,143,145,editable=true,margin=javax.swing.plaf.InsetsUIResource[top=0,left=0,bottom=0,right=0],selectedTextColor=DerivedColor(color=255,255,255 parent=nimbusSelectedText offsets=0.0,0.0,0.0,0 pColor=255,255,255,selectionColor=DerivedColor(color=57,105,138 parent=nimbusSelectionBackground offsets=0.0,0.0,0.0,0 pColor=57,105,138,columns=0,columnWidth=0,command=,horizontalAlignment=LEADING]'
[2025-04-29 01:52:56] CREATE - Create database 'laroca'
[2025-04-29 01:53:43] ERROR - Failed to connect to database 'constructorakjkj': FATAL: database "constructorakjkj" does not exist
[2025-04-29 01:53:52] INFO - Generated code for table 'alineacion_ini'
[2025-04-29 01:53:52] INFO - Generated code for table 'amonestados'
[2025-04-29 01:53:52] INFO - Generated code for table 'arbitros'
[2025-04-29 01:53:52] INFO - Generated code for table 'cambio'
[2025-04-29 01:53:52] INFO - Generated code for table 'ciudad'
[2025-04-29 01:53:52] INFO - Generated code for table 'directorporjornada'
[2025-04-29 01:53:52] INFO - Generated code for table 'directortecnico'
[2025-04-29 01:53:52] INFO - Generated code for table 'equipo'
[2025-04-29 01:53:52] INFO - Generated code for table 'estadio'
[2025-04-29 01:53:52] INFO - Generated code for table 'gol'
[2025-04-29 01:53:52] INFO - Generated code for table 'jornada'
[2025-04-29 01:53:52] INFO - Generated code for table 'jugada'
[2025-04-29 01:53:52] INFO - Generated code for table 'jugador'
[2025-04-29 01:53:52] INFO - Generated code for table 'juzgar'
[2025-04-29 01:53:52] INFO - Generated code for table 'nacionalidad'
[2025-04-29 01:53:52] INFO - Generated code for table 'partido'
[2025-04-29 01:53:52] INFO - Generated code for table 'posicion_jugador'
[2025-04-29 01:53:52] INFO - Generated code for table 'posicionarbitral'
[2025-04-29 01:53:52] INFO - Generated code for table 'tarjeta'
[2025-04-29 01:53:52] INFO - Generated code for table 'temporada'
[2025-04-29 01:59:58] CREATE - Create database 'knskn'
[2025-04-29 02:00:08] UPDATE - Updated database 'lkaaa'
[2025-04-29 02:00:12] DELETE - Deleted database 'la_roca_bonita'
[2025-04-29 02:00:18] INFO - Generated code for table 'alineacion_ini'
[2025-04-29 02:00:18] INFO - Generated code for table 'amonestados'
[2025-04-29 02:00:18] INFO - Generated code for table 'arbitros'
[2025-04-29 02:00:18] INFO - Generated code for table 'cambio'
[2025-04-29 02:00:18] INFO - Generated code for table 'ciudad'
[2025-04-29 02:00:18] INFO - Generated code for table 'directorporjornada'
[2025-04-29 02:00:18] INFO - Generated code for table 'directortecnico'
[2025-04-29 02:00:18] INFO - Generated code for table 'equipo'
[2025-04-29 02:00:18] INFO - Generated code for table 'estadio'
[2025-04-29 02:00:18] INFO - Generated code for table 'gol'
[2025-04-29 02:00:18] INFO - Generated code for table 'jornada'
[2025-04-29 02:00:18] INFO - Generated code for table 'jugada'
[2025-04-29 02:00:18] INFO - Generated code for table 'jugador'
[2025-04-29 02:00:18] INFO - Generated code for table 'juzgar'
[2025-04-29 02:00:18] INFO - Generated code for table 'nacionalidad'
[2025-04-29 02:00:18] INFO - Generated code for table 'partido'
[2025-04-29 02:00:18] INFO - Generated code for table 'posicion_jugador'
[2025-04-29 02:00:18] INFO - Generated code for table 'posicionarbitral'
[2025-04-29 02:00:18] INFO - Generated code for table 'tarjeta'
[2025-04-29 02:00:18] INFO - Generated code for table 'temporada'
[2025-04-29 02:04:39] INFO - Generated code for table 'alineacion_ini'
[2025-04-29 02:04:39] INFO - Generated code for table 'amonestados'
[2025-04-29 02:04:39] INFO - Generated code for table 'arbitros'
[2025-04-29 02:04:39] INFO - Generated code for table 'cambio'
[2025-04-29 02:04:39] INFO - Generated code for table 'ciudad'
[2025-04-29 02:04:39] INFO - Generated code for table 'directorporjornada'
[2025-04-29 02:04:39] INFO - Generated code for table 'directortecnico'
[2025-04-29 02:04:39] INFO - Generated code for table 'equipo'
[2025-04-29 02:04:39] INFO - Generated code for table 'estadio'
[2025-04-29 02:04:39] INFO - Generated code for table 'gol'
[2025-04-29 02:04:39] INFO - Generated code for table 'jornada'
[2025-04-29 02:04:39] INFO - Generated code for table 'jugada'
[2025-04-29 02:04:39] INFO - Generated code for table 'jugador'
[2025-04-29 02:04:39] INFO - Generated code for table 'juzgar'
[2025-04-29 02:04:39] INFO - Generated code for table 'nacionalidad'
[2025-04-29 02:04:39] INFO - Generated code for table 'partido'
[2025-04-29 02:04:39] INFO - Generated code for table 'posicion_jugador'
[2025-04-29 02:04:39] INFO - Generated code for table 'posicionarbitral'
[2025-04-29 02:04:39] INFO - Generated code for table 'tarjeta'
[2025-04-29 02:04:39] INFO - Generated code for table 'temporada'
[2025-04-29 06:02:09] ERROR - Failed to connect to database 'lkaaa': El intento de conexión falló.
[2025-04-29 09:03:03] CREATE - Create database 'kmkl'
[2025-04-29 09:03:07] ERROR - Failed to connect to database 'knskn': El intento de conexión falló.
[2025-04-29 09:04:45] UPDATE - Updated database 'constructora'
[2025-04-29 09:04:53] INFO - Generated code for table 'empresas'
[2025-04-29 09:04:53] INFO - Generated code for table 'proyecto_aceptado'
[2025-04-29 09:04:53] INFO - Generated code for table 'solicitud_proyecto'
[2025-04-29 09:04:53] INFO - Generated code for table 'supervisores'
[2025-04-29 09:08:25] INFO - Generated code for table 'empresas'
[2025-04-29 09:08:25] INFO - Generated code for table 'proyecto_aceptado'
[2025-04-29 09:08:25] INFO - Generated code for table 'solicitud_proyecto'
[2025-04-29 09:08:25] INFO - Generated code for table 'supervisores'
[2025-04-29 09:09:02] INFO - Generated code for table 'alineacion_ini'
[2025-04-29 09:09:02] INFO - Generated code for table 'amonestados'
[2025-04-29 09:09:02] INFO - Generated code for table 'arbitros'
[2025-04-29 09:09:02] INFO - Generated code for table 'cambio'
[2025-04-29 09:09:02] INFO - Generated code for table 'ciudad'
[2025-04-29 09:09:02] INFO - Generated code for table 'directorporjornada'
[2025-04-29 09:09:02] INFO - Generated code for table 'directortecnico'
[2025-04-29 09:09:02] INFO - Generated code for table 'equipo'
[2025-04-29 09:09:02] INFO - Generated code for table 'estadio'
[2025-04-29 09:09:02] INFO - Generated code for table 'gol'
[2025-04-29 09:09:02] INFO - Generated code for table 'jornada'
[2025-04-29 09:09:02] INFO - Generated code for table 'jugada'
[2025-04-29 09:09:02] INFO - Generated code for table 'jugador'
[2025-04-29 09:09:02] INFO - Generated code for table 'juzgar'
[2025-04-29 09:09:02] INFO - Generated code for table 'nacionalidad'
[2025-04-29 09:09:02] INFO - Generated code for table 'partido'
[2025-04-29 09:09:02] INFO - Generated code for table 'posicion_jugador'
[2025-04-29 09:09:02] INFO - Generated code for table 'posicionarbitral'
[2025-04-29 09:09:02] INFO - Generated code for table 'tarjeta'
[2025-04-29 09:09:02] INFO - Generated code for table 'temporada'
[2025-04-29 09:09:51] INFO - Generated code for table 'alineacion_ini'
[2025-04-29 09:09:51] INFO - Generated code for table 'amonestados'
[2025-04-29 09:09:51] INFO - Generated code for table 'arbitros'
[2025-04-29 09:09:51] INFO - Generated code for table 'cambio'
[2025-04-29 09:09:51] INFO - Generated code for table 'ciudad'
[2025-04-29 09:09:51] INFO - Generated code for table 'directorporjornada'
[2025-04-29 09:09:51] INFO - Generated code for table 'directortecnico'
[2025-04-29 09:09:51] INFO - Generated code for table 'equipo'
[2025-04-29 09:09:51] INFO - Generated code for table 'estadio'
[2025-04-29 09:09:51] INFO - Generated code for table 'gol'
[2025-04-29 09:09:51] INFO - Generated code for table 'jornada'
[2025-04-29 09:09:51] INFO - Generated code for table 'jugada'
[2025-04-29 09:09:51] INFO - Generated code for table 'jugador'
[2025-04-29 09:09:51] INFO - Generated code for table 'juzgar'
[2025-04-29 09:09:51] INFO - Generated code for table 'nacionalidad'
[2025-04-29 09:09:51] INFO - Generated code for table 'partido'
[2025-04-29 09:09:51] INFO - Generated code for table 'posicion_jugador'
[2025-04-29 09:09:51] INFO - Generated code for table 'posicionarbitral'
[2025-04-29 09:09:51] INFO - Generated code for table 'tarjeta'
[2025-04-29 09:09:51] INFO - Generated code for table 'temporada'
[2025-04-29 09:10:41] INFO - Generated code for table 'alineacion_ini'
[2025-04-29 09:10:41] INFO - Generated code for table 'amonestados'
[2025-04-29 09:10:41] INFO - Generated code for table 'arbitros'
[2025-04-29 09:10:41] INFO - Generated code for table 'cambio'
[2025-04-29 09:10:41] INFO - Generated code for table 'ciudad'
[2025-04-29 09:10:41] INFO - Generated code for table 'directorporjornada'
[2025-04-29 09:10:41] INFO - Generated code for table 'directortecnico'
[2025-04-29 09:10:41] INFO - Generated code for table 'equipo'
[2025-04-29 09:10:41] INFO - Generated code for table 'estadio'
[2025-04-29 09:10:41] INFO - Generated code for table 'gol'
[2025-04-29 09:10:41] INFO - Generated code for table 'jornada'
[2025-04-29 09:10:41] INFO - Generated code for table 'jugada'
[2025-04-29 09:10:41] INFO - Generated code for table 'jugador'
[2025-04-29 09:10:41] INFO - Generated code for table 'juzgar'
[2025-04-29 09:10:41] INFO - Generated code for table 'nacionalidad'
[2025-04-29 09:10:41] INFO - Generated code for table 'partido'
[2025-04-29 09:10:41] INFO - Generated code for table 'posicion_jugador'
[2025-04-29 09:10:41] INFO - Generated code for table 'posicionarbitral'
[2025-04-29 09:10:41] INFO - Generated code for table 'tarjeta'
[2025-04-29 09:10:41] INFO - Generated code for table 'temporada'
[2025-04-29 09:11:10] INFO - Generated code for table 'alineacion_ini'
[2025-04-29 09:11:10] INFO - Generated code for table 'amonestados'
[2025-04-29 09:11:10] INFO - Generated code for table 'arbitros'
[2025-04-29 09:11:10] INFO - Generated code for table 'cambio'
[2025-04-29 09:11:10] INFO - Generated code for table 'ciudad'
[2025-04-29 09:11:10] INFO - Generated code for table 'directorporjornada'
[2025-04-29 09:11:10] INFO - Generated code for table 'directortecnico'
[2025-04-29 09:11:10] INFO - Generated code for table 'equipo'
[2025-04-29 09:11:10] INFO - Generated code for table 'estadio'
[2025-04-29 09:11:10] INFO - Generated code for table 'gol'
[2025-04-29 09:11:10] INFO - Generated code for table 'jornada'
[2025-04-29 09:11:10] INFO - Generated code for table 'jugada'
[2025-04-29 09:11:10] INFO - Generated code for table 'jugador'
[2025-04-29 09:11:10] INFO - Generated code for table 'juzgar'
[2025-04-29 09:11:10] INFO - Generated code for table 'nacionalidad'
[2025-04-29 09:11:10] INFO - Generated code for table 'partido'
[2025-04-29 09:11:10] INFO - Generated code for table 'posicion_jugador'
[2025-04-29 09:11:10] INFO - Generated code for table 'posicionarbitral'
[2025-04-29 09:11:10] INFO - Generated code for table 'tarjeta'
[2025-04-29 09:11:10] INFO - Generated code for table 'temporada'
[2025-04-29 09:13:21] INFO - Generated code for table 'alineacion_ini'
[2025-04-29 09:13:21] INFO - Generated code for table 'amonestados'
[2025-04-29 09:13:21] INFO - Generated code for table 'arbitros'
[2025-04-29 09:13:21] INFO - Generated code for table 'cambio'
[2025-04-29 09:13:21] INFO - Generated code for table 'ciudad'
[2025-04-29 09:13:21] INFO - Generated code for table 'directorporjornada'
[2025-04-29 09:13:21] INFO - Generated code for table 'directortecnico'
[2025-04-29 09:13:21] INFO - Generated code for table 'equipo'
[2025-04-29 09:13:21] INFO - Generated code for table 'estadio'
[2025-04-29 09:13:21] INFO - Generated code for table 'gol'
[2025-04-29 09:13:21] INFO - Generated code for table 'jornada'
[2025-04-29 09:13:21] INFO - Generated code for table 'jugada'
[2025-04-29 09:13:21] INFO - Generated code for table 'jugador'
[2025-04-29 09:13:21] INFO - Generated code for table 'juzgar'
[2025-04-29 09:13:21] INFO - Generated code for table 'nacionalidad'
[2025-04-29 09:13:21] INFO - Generated code for table 'partido'
[2025-04-29 09:13:21] INFO - Generated code for table 'posicion_jugador'
[2025-04-29 09:13:21] INFO - Generated code for table 'posicionarbitral'
[2025-04-29 09:13:21] INFO - Generated code for table 'tarjeta'
[2025-04-29 09:13:21] INFO - Generated code for table 'temporada'
[2025-04-29 09:13:36] INFO - Generated code for table 'alineacion_ini'
[2025-04-29 09:13:36] INFO - Generated code for table 'amonestados'
[2025-04-29 09:13:36] INFO - Generated code for table 'arbitros'
[2025-04-29 09:13:36] INFO - Generated code for table 'cambio'
[2025-04-29 09:13:36] INFO - Generated code for table 'ciudad'
[2025-04-29 09:13:36] INFO - Generated code for table 'directorporjornada'
[2025-04-29 09:13:36] INFO - Generated code for table 'directortecnico'
[2025-04-29 09:13:36] INFO - Generated code for table 'equipo'
[2025-04-29 09:13:36] INFO - Generated code for table 'estadio'
[2025-04-29 09:13:36] INFO - Generated code for table 'gol'
[2025-04-29 09:13:36] INFO - Generated code for table 'jornada'
[2025-04-29 09:13:36] INFO - Generated code for table 'jugada'
[2025-04-29 09:13:36] INFO - Generated code for table 'jugador'
[2025-04-29 09:13:36] INFO - Generated code for table 'juzgar'
[2025-04-29 09:13:36] INFO - Generated code for table 'nacionalidad'
[2025-04-29 09:13:36] INFO - Generated code for table 'partido'
[2025-04-29 09:13:36] INFO - Generated code for table 'posicion_jugador'
[2025-04-29 09:13:36] INFO - Generated code for table 'posicionarbitral'
[2025-04-29 09:13:36] INFO - Generated code for table 'tarjeta'
[2025-04-29 09:13:36] INFO - Generated code for table 'temporada'
[2025-04-29 09:14:34] INFO - Generated code for table 'alineacion_ini'
[2025-04-29 09:14:34] INFO - Generated code for table 'amonestados'
[2025-04-29 09:14:34] INFO - Generated code for table 'arbitros'
[2025-04-29 09:14:34] INFO - Generated code for table 'cambio'
[2025-04-29 09:14:34] INFO - Generated code for table 'ciudad'
[2025-04-29 09:14:34] INFO - Generated code for table 'directorporjornada'
[2025-04-29 09:14:34] INFO - Generated code for table 'directortecnico'
[2025-04-29 09:14:34] INFO - Generated code for table 'equipo'
[2025-04-29 09:14:34] INFO - Generated code for table 'estadio'
[2025-04-29 09:14:34] INFO - Generated code for table 'gol'
[2025-04-29 09:14:34] INFO - Generated code for table 'jornada'
[2025-04-29 09:14:34] INFO - Generated code for table 'jugada'
[2025-04-29 09:14:34] INFO - Generated code for table 'jugador'
[2025-04-29 09:14:34] INFO - Generated code for table 'juzgar'
[2025-04-29 09:14:34] INFO - Generated code for table 'nacionalidad'
[2025-04-29 09:14:34] INFO - Generated code for table 'partido'
[2025-04-29 09:14:34] INFO - Generated code for table 'posicion_jugador'
[2025-04-29 09:14:34] INFO - Generated code for table 'posicionarbitral'
[2025-04-29 09:14:34] INFO - Generated code for table 'tarjeta'
[2025-04-29 09:14:34] INFO - Generated code for table 'temporada'
[2025-04-29 09:14:54] INFO - Generated code for table 'alineacion_ini'
[2025-04-29 09:14:54] INFO - Generated code for table 'amonestados'
[2025-04-29 09:14:54] INFO - Generated code for table 'arbitros'
[2025-04-29 09:14:54] INFO - Generated code for table 'cambio'
[2025-04-29 09:14:54] INFO - Generated code for table 'ciudad'
[2025-04-29 09:14:54] INFO - Generated code for table 'directorporjornada'
[2025-04-29 09:14:54] INFO - Generated code for table 'directortecnico'
[2025-04-29 09:14:54] INFO - Generated code for table 'equipo'
[2025-04-29 09:14:54] INFO - Generated code for table 'estadio'
[2025-04-29 09:14:54] INFO - Generated code for table 'gol'
[2025-04-29 09:14:54] INFO - Generated code for table 'jornada'
[2025-04-29 09:14:54] INFO - Generated code for table 'jugada'
[2025-04-29 09:14:54] INFO - Generated code for table 'jugador'
[2025-04-29 09:14:54] INFO - Generated code for table 'juzgar'
[2025-04-29 09:14:54] INFO - Generated code for table 'nacionalidad'
[2025-04-29 09:14:54] INFO - Generated code for table 'partido'
[2025-04-29 09:14:54] INFO - Generated code for table 'posicion_jugador'
[2025-04-29 09:14:54] INFO - Generated code for table 'posicionarbitral'
[2025-04-29 09:14:54] INFO - Generated code for table 'tarjeta'
[2025-04-29 09:14:54] INFO - Generated code for table 'temporada'
[2025-04-29 09:15:26] INFO - Generated code for table 'alineacion_ini'
[2025-04-29 09:15:27] INFO - Generated code for table 'amonestados'
[2025-04-29 09:15:27] INFO - Generated code for table 'arbitros'
[2025-04-29 09:15:27] INFO - Generated code for table 'cambio'
[2025-04-29 09:15:27] INFO - Generated code for table 'ciudad'
[2025-04-29 09:15:27] INFO - Generated code for table 'directorporjornada'
[2025-04-29 09:15:27] INFO - Generated code for table 'directortecnico'
[2025-04-29 09:15:27] INFO - Generated code for table 'equipo'
[2025-04-29 09:15:27] INFO - Generated code for table 'estadio'
[2025-04-29 09:15:27] INFO - Generated code for table 'gol'
[2025-04-29 09:15:27] INFO - Generated code for table 'jornada'
[2025-04-29 09:15:27] INFO - Generated code for table 'jugada'
[2025-04-29 09:15:27] INFO - Generated code for table 'jugador'
[2025-04-29 09:15:27] INFO - Generated code for table 'juzgar'
[2025-04-29 09:15:27] INFO - Generated code for table 'nacionalidad'
[2025-04-29 09:15:27] INFO - Generated code for table 'partido'
[2025-04-29 09:15:27] INFO - Generated code for table 'posicion_jugador'
[2025-04-29 09:15:27] INFO - Generated code for table 'posicionarbitral'
[2025-04-29 09:15:27] INFO - Generated code for table 'tarjeta'
[2025-04-29 09:15:27] INFO - Generated code for table 'temporada'
[2025-04-29 09:16:45] INFO - Generated code for table 'alineacion_ini'
[2025-04-29 09:16:45] INFO - Generated code for table 'amonestados'
[2025-04-29 09:16:45] INFO - Generated code for table 'arbitros'
[2025-04-29 09:16:45] INFO - Generated code for table 'cambio'
[2025-04-29 09:16:45] INFO - Generated code for table 'ciudad'
[2025-04-29 09:16:45] INFO - Generated code for table 'directorporjornada'
[2025-04-29 09:16:45] INFO - Generated code for table 'directortecnico'
[2025-04-29 09:16:46] INFO - Generated code for table 'equipo'
[2025-04-29 09:16:46] INFO - Generated code for table 'estadio'
[2025-04-29 09:16:46] INFO - Generated code for table 'gol'
[2025-04-29 09:16:46] INFO - Generated code for table 'jornada'
[2025-04-29 09:16:46] INFO - Generated code for table 'jugada'
[2025-04-29 09:16:46] INFO - Generated code for table 'jugador'
[2025-04-29 09:16:46] INFO - Generated code for table 'juzgar'
[2025-04-29 09:16:46] INFO - Generated code for table 'nacionalidad'
[2025-04-29 09:16:46] INFO - Generated code for table 'partido'
[2025-04-29 09:16:46] INFO - Generated code for table 'posicion_jugador'
[2025-04-29 09:16:46] INFO - Generated code for table 'posicionarbitral'
[2025-04-29 09:16:46] INFO - Generated code for table 'tarjeta'
[2025-04-29 09:16:46] INFO - Generated code for table 'temporada'
[2025-04-29 09:17:09] INFO - Generated code for table 'alineacion_ini'
[2025-04-29 09:17:09] INFO - Generated code for table 'amonestados'
[2025-04-29 09:17:09] INFO - Generated code for table 'arbitros'
[2025-04-29 09:17:09] INFO - Generated code for table 'cambio'
[2025-04-29 09:17:09] INFO - Generated code for table 'ciudad'
[2025-04-29 09:17:09] INFO - Generated code for table 'directorporjornada'
[2025-04-29 09:17:09] INFO - Generated code for table 'directortecnico'
[2025-04-29 09:17:09] INFO - Generated code for table 'equipo'
[2025-04-29 09:17:09] INFO - Generated code for table 'estadio'
[2025-04-29 09:17:09] INFO - Generated code for table 'gol'
[2025-04-29 09:17:09] INFO - Generated code for table 'jornada'
[2025-04-29 09:17:09] INFO - Generated code for table 'jugada'
[2025-04-29 09:17:09] INFO - Generated code for table 'jugador'
[2025-04-29 09:17:09] INFO - Generated code for table 'juzgar'
[2025-04-29 09:17:09] INFO - Generated code for table 'nacionalidad'
[2025-04-29 09:17:09] INFO - Generated code for table 'partido'
[2025-04-29 09:17:09] INFO - Generated code for table 'posicion_jugador'
[2025-04-29 09:17:09] INFO - Generated code for table 'posicionarbitral'
[2025-04-29 09:17:09] INFO - Generated code for table 'tarjeta'
[2025-04-29 09:17:09] INFO - Generated code for table 'temporada'
[2025-04-29 09:17:41] INFO - Generated code for table 'alineacion_ini'
[2025-04-29 09:17:42] INFO - Generated code for table 'amonestados'
[2025-04-29 09:17:42] INFO - Generated code for table 'arbitros'
[2025-04-29 09:17:42] INFO - Generated code for table 'cambio'
[2025-04-29 09:17:42] INFO - Generated code for table 'ciudad'
[2025-04-29 09:17:42] INFO - Generated code for table 'directorporjornada'
[2025-04-29 09:17:42] INFO - Generated code for table 'directortecnico'
[2025-04-29 09:17:42] INFO - Generated code for table 'equipo'
[2025-04-29 09:17:42] INFO - Generated code for table 'estadio'
[2025-04-29 09:17:42] INFO - Generated code for table 'gol'
[2025-04-29 09:17:42] INFO - Generated code for table 'jornada'
[2025-04-29 09:17:42] INFO - Generated code for table 'jugada'
[2025-04-29 09:17:42] INFO - Generated code for table 'jugador'
[2025-04-29 09:17:42] INFO - Generated code for table 'juzgar'
[2025-04-29 09:17:42] INFO - Generated code for table 'nacionalidad'
[2025-04-29 09:17:42] INFO - Generated code for table 'partido'
[2025-04-29 09:17:42] INFO - Generated code for table 'posicion_jugador'
[2025-04-29 09:17:42] INFO - Generated code for table 'posicionarbitral'
[2025-04-29 09:17:42] INFO - Generated code for table 'tarjeta'
[2025-04-29 09:17:42] INFO - Generated code for table 'temporada'
[2025-04-29 09:18:07] INFO - Generated code for table 'alineacion_ini'
[2025-04-29 09:18:07] INFO - Generated code for table 'amonestados'
[2025-04-29 09:18:07] INFO - Generated code for table 'arbitros'
[2025-04-29 09:18:07] INFO - Generated code for table 'cambio'
[2025-04-29 09:18:07] INFO - Generated code for table 'ciudad'
[2025-04-29 09:18:07] INFO - Generated code for table 'directorporjornada'
[2025-04-29 09:18:07] INFO - Generated code for table 'directortecnico'
[2025-04-29 09:18:07] INFO - Generated code for table 'equipo'
[2025-04-29 09:18:07] INFO - Generated code for table 'estadio'
[2025-04-29 09:18:07] INFO - Generated code for table 'gol'
[2025-04-29 09:18:07] INFO - Generated code for table 'jornada'
[2025-04-29 09:18:07] INFO - Generated code for table 'jugada'
[2025-04-29 09:18:07] INFO - Generated code for table 'jugador'
[2025-04-29 09:18:07] INFO - Generated code for table 'juzgar'
[2025-04-29 09:18:07] INFO - Generated code for table 'nacionalidad'
[2025-04-29 09:18:07] INFO - Generated code for table 'partido'
[2025-04-29 09:18:07] INFO - Generated code for table 'posicion_jugador'
[2025-04-29 09:18:07] INFO - Generated code for table 'posicionarbitral'
[2025-04-29 09:18:07] INFO - Generated code for table 'tarjeta'
[2025-04-29 09:18:07] INFO - Generated code for table 'temporada'
[2025-04-29 09:18:58] INFO - Generated code for table 'alineacion_ini'
[2025-04-29 09:18:58] INFO - Generated code for table 'amonestados'
[2025-04-29 09:18:58] INFO - Generated code for table 'arbitros'
[2025-04-29 09:18:58] INFO - Generated code for table 'cambio'
[2025-04-29 09:18:58] INFO - Generated code for table 'ciudad'
[2025-04-29 09:18:58] INFO - Generated code for table 'directorporjornada'
[2025-04-29 09:18:58] INFO - Generated code for table 'directortecnico'
[2025-04-29 09:18:58] INFO - Generated code for table 'equipo'
[2025-04-29 09:18:58] INFO - Generated code for table 'estadio'
[2025-04-29 09:18:58] INFO - Generated code for table 'gol'
[2025-04-29 09:18:58] INFO - Generated code for table 'jornada'
[2025-04-29 09:18:58] INFO - Generated code for table 'jugada'
[2025-04-29 09:18:58] INFO - Generated code for table 'jugador'
[2025-04-29 09:18:58] INFO - Generated code for table 'juzgar'
[2025-04-29 09:18:58] INFO - Generated code for table 'nacionalidad'
[2025-04-29 09:18:58] INFO - Generated code for table 'partido'
[2025-04-29 09:18:58] INFO - Generated code for table 'posicion_jugador'
[2025-04-29 09:18:58] INFO - Generated code for table 'posicionarbitral'
[2025-04-29 09:18:58] INFO - Generated code for table 'tarjeta'
[2025-04-29 09:18:58] INFO - Generated code for table 'temporada'
[2025-04-29 09:19:47] INFO - Generated code for table 'alineacion_ini'
[2025-04-29 09:19:47] INFO - Generated code for table 'amonestados'
[2025-04-29 09:19:47] INFO - Generated code for table 'arbitros'
[2025-04-29 09:19:47] INFO - Generated code for table 'cambio'
[2025-04-29 09:19:47] INFO - Generated code for table 'ciudad'
[2025-04-29 09:19:47] INFO - Generated code for table 'directorporjornada'
[2025-04-29 09:19:47] INFO - Generated code for table 'directortecnico'
[2025-04-29 09:19:47] INFO - Generated code for table 'equipo'
[2025-04-29 09:19:47] INFO - Generated code for table 'estadio'
[2025-04-29 09:19:47] INFO - Generated code for table 'gol'
[2025-04-29 09:19:47] INFO - Generated code for table 'jornada'
[2025-04-29 09:19:47] INFO - Generated code for table 'jugada'
[2025-04-29 09:19:47] INFO - Generated code for table 'jugador'
[2025-04-29 09:19:47] INFO - Generated code for table 'juzgar'
[2025-04-29 09:19:47] INFO - Generated code for table 'nacionalidad'
[2025-04-29 09:19:47] INFO - Generated code for table 'partido'
[2025-04-29 09:19:47] INFO - Generated code for table 'posicion_jugador'
[2025-04-29 09:19:47] INFO - Generated code for table 'posicionarbitral'
[2025-04-29 09:19:47] INFO - Generated code for table 'tarjeta'
[2025-04-29 09:19:47] INFO - Generated code for table 'temporada'
[2025-04-29 09:20:12] INFO - Generated code for table 'alineacion_ini'
[2025-04-29 09:20:12] INFO - Generated code for table 'amonestados'
[2025-04-29 09:20:12] INFO - Generated code for table 'arbitros'
[2025-04-29 09:20:12] INFO - Generated code for table 'cambio'
[2025-04-29 09:20:12] INFO - Generated code for table 'ciudad'
[2025-04-29 09:20:12] INFO - Generated code for table 'directorporjornada'
[2025-04-29 09:20:12] INFO - Generated code for table 'directortecnico'
[2025-04-29 09:20:12] INFO - Generated code for table 'equipo'
[2025-04-29 09:20:12] INFO - Generated code for table 'estadio'
[2025-04-29 09:20:12] INFO - Generated code for table 'gol'
[2025-04-29 09:20:12] INFO - Generated code for table 'jornada'
[2025-04-29 09:20:12] INFO - Generated code for table 'jugada'
[2025-04-29 09:20:12] INFO - Generated code for table 'jugador'
[2025-04-29 09:20:12] INFO - Generated code for table 'juzgar'
[2025-04-29 09:20:12] INFO - Generated code for table 'nacionalidad'
[2025-04-29 09:20:12] INFO - Generated code for table 'partido'
[2025-04-29 09:20:12] INFO - Generated code for table 'posicion_jugador'
[2025-04-29 09:20:12] INFO - Generated code for table 'posicionarbitral'
[2025-04-29 09:20:12] INFO - Generated code for table 'tarjeta'
[2025-04-29 09:20:12] INFO - Generated code for table 'temporada'
[2025-04-29 09:20:21] INFO - Generated code for table 'accidentes'
[2025-04-29 09:20:21] INFO - Generated code for table 'autos'
[2025-04-29 09:20:21] INFO - Generated code for table 'propietarios'
[2025-04-29 09:20:21] INFO - Generated code for table 'telefonos'
[2025-04-29 09:20:33] INFO - Generated code for table 'alineacion_ini'
[2025-04-29 09:20:33] INFO - Generated code for table 'amonestados'
[2025-04-29 09:20:33] INFO - Generated code for table 'arbitros'
[2025-04-29 09:20:33] INFO - Generated code for table 'cambio'
[2025-04-29 09:20:33] INFO - Generated code for table 'ciudad'
[2025-04-29 09:20:33] INFO - Generated code for table 'directorporjornada'
[2025-04-29 09:20:33] INFO - Generated code for table 'directortecnico'
[2025-04-29 09:20:33] INFO - Generated code for table 'equipo'
[2025-04-29 09:20:33] INFO - Generated code for table 'estadio'
[2025-04-29 09:20:33] INFO - Generated code for table 'gol'
[2025-04-29 09:20:33] INFO - Generated code for table 'jornada'
[2025-04-29 09:20:33] INFO - Generated code for table 'jugada'
[2025-04-29 09:20:33] INFO - Generated code for table 'jugador'
[2025-04-29 09:20:33] INFO - Generated code for table 'juzgar'
[2025-04-29 09:20:33] INFO - Generated code for table 'nacionalidad'
[2025-04-29 09:20:33] INFO - Generated code for table 'partido'
[2025-04-29 09:20:33] INFO - Generated code for table 'posicion_jugador'
[2025-04-29 09:20:33] INFO - Generated code for table 'posicionarbitral'
[2025-04-29 09:20:33] INFO - Generated code for table 'tarjeta'
[2025-04-29 09:20:33] INFO - Generated code for table 'temporada'
[2025-04-29 09:22:33] INFO - Generated code for table 'alineacion_ini'
[2025-04-29 09:22:33] INFO - Generated code for table 'amonestados'
[2025-04-29 09:22:33] INFO - Generated code for table 'arbitros'
[2025-04-29 09:22:33] INFO - Generated code for table 'cambio'
[2025-04-29 09:22:33] INFO - Generated code for table 'ciudad'
[2025-04-29 09:22:33] INFO - Generated code for table 'directorporjornada'
[2025-04-29 09:22:33] INFO - Generated code for table 'directortecnico'
[2025-04-29 09:22:33] INFO - Generated code for table 'equipo'
[2025-04-29 09:22:33] INFO - Generated code for table 'estadio'
[2025-04-29 09:22:33] INFO - Generated code for table 'gol'
[2025-04-29 09:22:33] INFO - Generated code for table 'jornada'
[2025-04-29 09:22:33] INFO - Generated code for table 'jugada'
[2025-04-29 09:22:33] INFO - Generated code for table 'jugador'
[2025-04-29 09:22:33] INFO - Generated code for table 'juzgar'
[2025-04-29 09:22:33] INFO - Generated code for table 'nacionalidad'
[2025-04-29 09:22:33] INFO - Generated code for table 'partido'
[2025-04-29 09:22:33] INFO - Generated code for table 'posicion_jugador'
[2025-04-29 09:22:33] INFO - Generated code for table 'posicionarbitral'
[2025-04-29 09:22:33] INFO - Generated code for table 'tarjeta'
[2025-04-29 09:22:33] INFO - Generated code for table 'temporada'
[2025-04-29 09:24:47] INFO - Generated code for table 'alineacion_ini'
[2025-04-29 09:24:47] INFO - Generated code for table 'amonestados'
[2025-04-29 09:24:47] INFO - Generated code for table 'arbitros'
[2025-04-29 09:24:47] INFO - Generated code for table 'cambio'
[2025-04-29 09:24:47] INFO - Generated code for table 'ciudad'
[2025-04-29 09:24:47] INFO - Generated code for table 'directorporjornada'
[2025-04-29 09:24:47] INFO - Generated code for table 'directortecnico'
[2025-04-29 09:24:47] INFO - Generated code for table 'equipo'
[2025-04-29 09:24:47] INFO - Generated code for table 'estadio'
[2025-04-29 09:24:47] INFO - Generated code for table 'gol'
[2025-04-29 09:24:47] INFO - Generated code for table 'jornada'
[2025-04-29 09:24:47] INFO - Generated code for table 'jugada'
[2025-04-29 09:24:47] INFO - Generated code for table 'jugador'
[2025-04-29 09:24:47] INFO - Generated code for table 'juzgar'
[2025-04-29 09:24:47] INFO - Generated code for table 'nacionalidad'
[2025-04-29 09:24:47] INFO - Generated code for table 'partido'
[2025-04-29 09:24:47] INFO - Generated code for table 'posicion_jugador'
[2025-04-29 09:24:47] INFO - Generated code for table 'posicionarbitral'
[2025-04-29 09:24:47] INFO - Generated code for table 'tarjeta'
[2025-04-29 09:24:47] INFO - Generated code for table 'temporada'
[2025-04-29 09:28:36] INFO - Generated code for table 'alineacion_ini'
[2025-04-29 09:28:36] INFO - Generated code for table 'amonestados'
[2025-04-29 09:28:36] INFO - Generated code for table 'arbitros'
[2025-04-29 09:28:36] INFO - Generated code for table 'cambio'
[2025-04-29 09:28:36] INFO - Generated code for table 'ciudad'
[2025-04-29 09:28:36] INFO - Generated code for table 'directorporjornada'
[2025-04-29 09:28:36] INFO - Generated code for table 'directortecnico'
[2025-04-29 09:28:36] INFO - Generated code for table 'equipo'
[2025-04-29 09:28:36] INFO - Generated code for table 'estadio'
[2025-04-29 09:28:36] INFO - Generated code for table 'gol'
[2025-04-29 09:28:36] INFO - Generated code for table 'jornada'
[2025-04-29 09:28:36] INFO - Generated code for table 'jugada'
[2025-04-29 09:28:36] INFO - Generated code for table 'jugador'
[2025-04-29 09:28:36] INFO - Generated code for table 'juzgar'
[2025-04-29 09:28:36] INFO - Generated code for table 'nacionalidad'
[2025-04-29 09:28:36] INFO - Generated code for table 'partido'
[2025-04-29 09:28:36] INFO - Generated code for table 'posicion_jugador'
[2025-04-29 09:28:36] INFO - Generated code for table 'posicionarbitral'
[2025-04-29 09:28:36] INFO - Generated code for table 'tarjeta'
[2025-04-29 09:28:36] INFO - Generated code for table 'temporada'
[2025-04-29 11:59:54] INFO - Generated code for table 'alineacion_ini'
[2025-04-29 11:59:54] INFO - Generated code for table 'amonestados'
[2025-04-29 11:59:54] INFO - Generated code for table 'arbitros'
[2025-04-29 11:59:54] INFO - Generated code for table 'cambio'
[2025-04-29 11:59:54] INFO - Generated code for table 'ciudad'
[2025-04-29 11:59:54] INFO - Generated code for table 'directorporjornada'
[2025-04-29 11:59:54] INFO - Generated code for table 'directortecnico'
[2025-04-29 11:59:54] INFO - Generated code for table 'equipo'
[2025-04-29 11:59:54] INFO - Generated code for table 'estadio'
[2025-04-29 11:59:54] INFO - Generated code for table 'gol'
[2025-04-29 11:59:54] INFO - Generated code for table 'jornada'
[2025-04-29 11:59:54] INFO - Generated code for table 'jugada'
[2025-04-29 11:59:54] INFO - Generated code for table 'jugador'
[2025-04-29 11:59:54] INFO - Generated code for table 'juzgar'
[2025-04-29 11:59:54] INFO - Generated code for table 'nacionalidad'
[2025-04-29 11:59:54] INFO - Generated code for table 'partido'
[2025-04-29 11:59:54] INFO - Generated code for table 'posicion_jugador'
[2025-04-29 11:59:54] INFO - Generated code for table 'posicionarbitral'
[2025-04-29 11:59:54] INFO - Generated code for table 'tarjeta'
[2025-04-29 11:59:54] INFO - Generated code for table 'temporada'
[2025-04-29 12:00:37] ERROR - Failed to connect to database 'sjsjsj': FATAL: password authentication failed for user "postgres"
[2025-04-29 12:01:06] UPDATE - Updated database 'sjsjsj'
[2025-04-29 12:01:09] ERROR - Failed to connect to database 'sjsjsj': FATAL: database "sjsjsj" does not exist
[2025-04-29 12:01:49] INFO - Generated code for table 'alineacion_ini'
[2025-04-29 12:01:49] INFO - Generated code for table 'amonestados'
[2025-04-29 12:01:49] INFO - Generated code for table 'arbitros'
[2025-04-29 12:01:49] INFO - Generated code for table 'cambio'
[2025-04-29 12:01:49] INFO - Generated code for table 'ciudad'
[2025-04-29 12:01:49] INFO - Generated code for table 'directorporjornada'
[2025-04-29 12:01:49] INFO - Generated code for table 'directortecnico'
[2025-04-29 12:01:49] INFO - Generated code for table 'equipo'
[2025-04-29 12:01:49] INFO - Generated code for table 'estadio'
[2025-04-29 12:01:49] INFO - Generated code for table 'gol'
[2025-04-29 12:01:49] INFO - Generated code for table 'jornada'
[2025-04-29 12:01:49] INFO - Generated code for table 'jugada'
[2025-04-29 12:01:49] INFO - Generated code for table 'jugador'
[2025-04-29 12:01:49] INFO - Generated code for table 'juzgar'
[2025-04-29 12:01:49] INFO - Generated code for table 'nacionalidad'
[2025-04-29 12:01:49] INFO - Generated code for table 'partido'
[2025-04-29 12:01:49] INFO - Generated code for table 'posicion_jugador'
[2025-04-29 12:01:49] INFO - Generated code for table 'posicionarbitral'
[2025-04-29 12:01:49] INFO - Generated code for table 'tarjeta'
[2025-04-29 12:01:49] INFO - Generated code for table 'temporada'
[2025-04-29 12:02:17] INFO - Generated code for table 'alineacion_ini'
[2025-04-29 12:02:17] INFO - Generated code for table 'amonestados'
[2025-04-29 12:02:17] INFO - Generated code for table 'arbitros'
[2025-04-29 12:02:17] INFO - Generated code for table 'cambio'
[2025-04-29 12:02:17] INFO - Generated code for table 'ciudad'
[2025-04-29 12:02:17] INFO - Generated code for table 'directorporjornada'
[2025-04-29 12:02:17] INFO - Generated code for table 'directortecnico'
[2025-04-29 12:02:17] INFO - Generated code for table 'equipo'
[2025-04-29 12:02:17] INFO - Generated code for table 'estadio'
[2025-04-29 12:02:17] INFO - Generated code for table 'gol'
[2025-04-29 12:02:17] INFO - Generated code for table 'jornada'
[2025-04-29 12:02:17] INFO - Generated code for table 'jugada'
[2025-04-29 12:02:17] INFO - Generated code for table 'jugador'
[2025-04-29 12:02:17] INFO - Generated code for table 'juzgar'
[2025-04-29 12:02:17] INFO - Generated code for table 'nacionalidad'
[2025-04-29 12:02:17] INFO - Generated code for table 'partido'
[2025-04-29 12:02:17] INFO - Generated code for table 'posicion_jugador'
[2025-04-29 12:02:17] INFO - Generated code for table 'posicionarbitral'
[2025-04-29 12:02:17] INFO - Generated code for table 'tarjeta'
[2025-04-29 12:02:17] INFO - Generated code for table 'temporada'
[2025-04-29 12:03:03] INFO - Generated code for table 'accidentes'
[2025-04-29 12:03:03] INFO - Generated code for table 'autos'
[2025-04-29 12:03:03] INFO - Generated code for table 'propietarios'
[2025-04-29 12:03:03] INFO - Generated code for table 'telefonos'
[2025-04-29 12:03:31] INFO - Generated code for table 'alineacion_ini'
[2025-04-29 12:03:31] INFO - Generated code for table 'amonestados'
[2025-04-29 12:03:31] INFO - Generated code for table 'arbitros'
[2025-04-29 12:03:31] INFO - Generated code for table 'cambio'
[2025-04-29 12:03:31] INFO - Generated code for table 'ciudad'
[2025-04-29 12:03:31] INFO - Generated code for table 'directorporjornada'
[2025-04-29 12:03:31] INFO - Generated code for table 'directortecnico'
[2025-04-29 12:03:31] INFO - Generated code for table 'equipo'
[2025-04-29 12:03:31] INFO - Generated code for table 'estadio'
[2025-04-29 12:03:31] INFO - Generated code for table 'gol'
[2025-04-29 12:03:31] INFO - Generated code for table 'jornada'
[2025-04-29 12:03:31] INFO - Generated code for table 'jugada'
[2025-04-29 12:03:31] INFO - Generated code for table 'jugador'
[2025-04-29 12:03:31] INFO - Generated code for table 'juzgar'
[2025-04-29 12:03:31] INFO - Generated code for table 'nacionalidad'
[2025-04-29 12:03:31] INFO - Generated code for table 'partido'
[2025-04-29 12:03:31] INFO - Generated code for table 'posicion_jugador'
[2025-04-29 12:03:31] INFO - Generated code for table 'posicionarbitral'
[2025-04-29 12:03:31] INFO - Generated code for table 'tarjeta'
[2025-04-29 12:03:31] INFO - Generated code for table 'temporada'
[2025-04-29 12:39:12] INFO - Generated code for table 'alineacion_ini'
[2025-04-29 12:39:12] INFO - Generated code for table 'amonestados'
[2025-04-29 12:39:12] INFO - Generated code for table 'arbitros'
[2025-04-29 12:39:12] INFO - Generated code for table 'cambio'
[2025-04-29 12:39:12] INFO - Generated code for table 'ciudad'
[2025-04-29 12:39:12] INFO - Generated code for table 'directorporjornada'
[2025-04-29 12:39:12] INFO - Generated code for table 'directortecnico'
[2025-04-29 12:39:12] INFO - Generated code for table 'equipo'
[2025-04-29 12:39:12] INFO - Generated code for table 'estadio'
[2025-04-29 12:39:12] INFO - Generated code for table 'gol'
[2025-04-29 12:39:12] INFO - Generated code for table 'jornada'
[2025-04-29 12:39:12] INFO - Generated code for table 'jugada'
[2025-04-29 12:39:12] INFO - Generated code for table 'jugador'
[2025-04-29 12:39:12] INFO - Generated code for table 'juzgar'
[2025-04-29 12:39:12] INFO - Generated code for table 'nacionalidad'
[2025-04-29 12:39:12] INFO - Generated code for table 'partido'
[2025-04-29 12:39:12] INFO - Generated code for table 'posicion_jugador'
[2025-04-29 12:39:12] INFO - Generated code for table 'posicionarbitral'
[2025-04-29 12:39:12] INFO - Generated code for table 'tarjeta'
[2025-04-29 12:39:12] INFO - Generated code for table 'temporada'
